# Debug log file for Personal Finance Tracker
ERROR 2026-02-10 18:24:18,149 log Internal Server Error: /
Traceback (most recent call last):
  File "C:\Users\ageet\AppData\Roaming\Python\Python312\site-packages\django\core\handlers\exception.py", line 55, in inner
    response = get_response(request)
               ^^^^^^^^^^^^^^^^^^^^^
  File "C:\Users\ageet\AppData\Roaming\Python\Python312\site-packages\django\core\handlers\base.py", line 198, in _get_response
    response = wrapped_callback(request, *callback_args, **callback_kwargs)
               ^^^^^^^^^^^^^^^^^^^^^^^^^^^^^^^^^^^^^^^^^^^^^^^^^^^^^^^^^^^^
  File "C:\Users\ageet\AppData\Roaming\Python\Python312\site-packages\django\contrib\auth\decorators.py", line 59, in _view_wrapper
    return view_func(request, *args, **kwargs)
           ^^^^^^^^^^^^^^^^^^^^^^^^^^^^^^^^^^^
  File "C:\Users\ageet\OneDrive\Desktop\personal_finance_tracker\transactions\views.py", line 168, in dashboard
    return render(request, 'dashboard.html', context)
           ^^^^^^^^^^^^^^^^^^^^^^^^^^^^^^^^^^^^^^^^^^
  File "C:\Users\ageet\AppData\Roaming\Python\Python312\site-packages\django\shortcuts.py", line 25, in render
    content = loader.render_to_string(template_name, context, request, using=using)
              ^^^^^^^^^^^^^^^^^^^^^^^^^^^^^^^^^^^^^^^^^^^^^^^^^^^^^^^^^^^^^^^^^^^^^
  File "C:\Users\ageet\AppData\Roaming\Python\Python312\site-packages\django\template\loader.py", line 61, in render_to_string
    template = get_template(template_name, using=using)
               ^^^^^^^^^^^^^^^^^^^^^^^^^^^^^^^^^^^^^^^^
  File "C:\Users\ageet\AppData\Roaming\Python\Python312\site-packages\django\template\loader.py", line 15, in get_template
    return engine.get_template(template_name)
           ^^^^^^^^^^^^^^^^^^^^^^^^^^^^^^^^^^
  File "C:\Users\ageet\AppData\Roaming\Python\Python312\site-packages\django\template\backends\django.py", line 79, in get_template
    return Template(self.engine.get_template(template_name), self)
                    ^^^^^^^^^^^^^^^^^^^^^^^^^^^^^^^^^^^^^^^
  File "C:\Users\ageet\AppData\Roaming\Python\Python312\site-packages\django\template\engine.py", line 186, in get_template
    template, origin = self.find_template(template_name)
                       ^^^^^^^^^^^^^^^^^^^^^^^^^^^^^^^^^
  File "C:\Users\ageet\AppData\Roaming\Python\Python312\site-packages\django\template\engine.py", line 159, in find_template
    template = loader.get_template(name, skip=skip)
               ^^^^^^^^^^^^^^^^^^^^^^^^^^^^^^^^^^^^
  File "C:\Users\ageet\AppData\Roaming\Python\Python312\site-packages\django\template\loaders\cached.py", line 57, in get_template
    template = super().get_template(template_name, skip)
               ^^^^^^^^^^^^^^^^^^^^^^^^^^^^^^^^^^^^^^^^^
  File "C:\Users\ageet\AppData\Roaming\Python\Python312\site-packages\django\template\loaders\base.py", line 28, in get_template
    return Template(
           ^^^^^^^^^
  File "C:\Users\ageet\AppData\Roaming\Python\Python312\site-packages\django\template\base.py", line 157, in __init__
    self.nodelist = self.compile_nodelist()
                    ^^^^^^^^^^^^^^^^^^^^^^^
  File "C:\Users\ageet\AppData\Roaming\Python\Python312\site-packages\django\template\base.py", line 199, in compile_nodelist
    nodelist = parser.parse()
               ^^^^^^^^^^^^^^
  File "C:\Users\ageet\AppData\Roaming\Python\Python312\site-packages\django\template\base.py", line 585, in parse
    raise self.error(token, e)
  File "C:\Users\ageet\AppData\Roaming\Python\Python312\site-packages\django\template\base.py", line 583, in parse
    compiled_result = compile_func(self, token)
                      ^^^^^^^^^^^^^^^^^^^^^^^^^
  File "C:\Users\ageet\AppData\Roaming\Python\Python312\site-packages\django\template\loader_tags.py", line 307, in do_extends
    nodelist = parser.parse()
               ^^^^^^^^^^^^^^
  File "C:\Users\ageet\AppData\Roaming\Python\Python312\site-packages\django\template\base.py", line 585, in parse
    raise self.error(token, e)
  File "C:\Users\ageet\AppData\Roaming\Python\Python312\site-packages\django\template\base.py", line 583, in parse
    compiled_result = compile_func(self, token)
                      ^^^^^^^^^^^^^^^^^^^^^^^^^
  File "C:\Users\ageet\AppData\Roaming\Python\Python312\site-packages\django\template\loader_tags.py", line 235, in do_block
    nodelist = parser.parse(("endblock",))
               ^^^^^^^^^^^^^^^^^^^^^^^^^^^
  File "C:\Users\ageet\AppData\Roaming\Python\Python312\site-packages\django\template\base.py", line 585, in parse
    raise self.error(token, e)
  File "C:\Users\ageet\AppData\Roaming\Python\Python312\site-packages\django\template\base.py", line 583, in parse
    compiled_result = compile_func(self, token)
                      ^^^^^^^^^^^^^^^^^^^^^^^^^
  File "C:\Users\ageet\AppData\Roaming\Python\Python312\site-packages\django\template\defaulttags.py", line 994, in do_if
    nodelist = parser.parse(("elif", "else", "endif"))
               ^^^^^^^^^^^^^^^^^^^^^^^^^^^^^^^^^^^^^^^
  File "C:\Users\ageet\AppData\Roaming\Python\Python312\site-packages\django\template\base.py", line 585, in parse
    raise self.error(token, e)
  File "C:\Users\ageet\AppData\Roaming\Python\Python312\site-packages\django\template\base.py", line 583, in parse
    compiled_result = compile_func(self, token)
                      ^^^^^^^^^^^^^^^^^^^^^^^^^
  File "C:\Users\ageet\AppData\Roaming\Python\Python312\site-packages\django\template\defaulttags.py", line 894, in do_for
    nodelist_loop = parser.parse(
                    ^^^^^^^^^^^^^
  File "C:\Users\ageet\AppData\Roaming\Python\Python312\site-packages\django\template\base.py", line 556, in parse
    raise self.error(token, e)
  File "C:\Users\ageet\AppData\Roaming\Python\Python312\site-packages\django\template\base.py", line 554, in parse
    filter_expression = self.compile_filter(token.contents)
                        ^^^^^^^^^^^^^^^^^^^^^^^^^^^^^^^^^^^
  File "C:\Users\ageet\AppData\Roaming\Python\Python312\site-packages\django\template\base.py", line 676, in compile_filter
    return FilterExpression(token, self)
           ^^^^^^^^^^^^^^^^^^^^^^^^^^^^^
  File "C:\Users\ageet\AppData\Roaming\Python\Python312\site-packages\django\template\base.py", line 776, in __init__
    raise TemplateSyntaxError(
django.template.exceptions.TemplateSyntaxError: Template: C:\Users\ageet\OneDrive\Desktop\personal_finance_tracker\templates\dashboard.html, Could not parse the remainder: ' if not forloop.last' from '", " if not forloop.last'
ERROR 2026-02-10 18:24:19,780 log Internal Server Error: /
Traceback (most recent call last):
  File "C:\Users\ageet\AppData\Roaming\Python\Python312\site-packages\django\core\handlers\exception.py", line 55, in inner
    response = get_response(request)
               ^^^^^^^^^^^^^^^^^^^^^
  File "C:\Users\ageet\AppData\Roaming\Python\Python312\site-packages\django\core\handlers\base.py", line 198, in _get_response
    response = wrapped_callback(request, *callback_args, **callback_kwargs)
               ^^^^^^^^^^^^^^^^^^^^^^^^^^^^^^^^^^^^^^^^^^^^^^^^^^^^^^^^^^^^
  File "C:\Users\ageet\AppData\Roaming\Python\Python312\site-packages\django\contrib\auth\decorators.py", line 59, in _view_wrapper
    return view_func(request, *args, **kwargs)
           ^^^^^^^^^^^^^^^^^^^^^^^^^^^^^^^^^^^
  File "C:\Users\ageet\OneDrive\Desktop\personal_finance_tracker\transactions\views.py", line 168, in dashboard
    return render(request, 'dashboard.html', context)
           ^^^^^^^^^^^^^^^^^^^^^^^^^^^^^^^^^^^^^^^^^^
  File "C:\Users\ageet\AppData\Roaming\Python\Python312\site-packages\django\shortcuts.py", line 25, in render
    content = loader.render_to_string(template_name, context, request, using=using)
              ^^^^^^^^^^^^^^^^^^^^^^^^^^^^^^^^^^^^^^^^^^^^^^^^^^^^^^^^^^^^^^^^^^^^^
  File "C:\Users\ageet\AppData\Roaming\Python\Python312\site-packages\django\template\loader.py", line 61, in render_to_string
    template = get_template(template_name, using=using)
               ^^^^^^^^^^^^^^^^^^^^^^^^^^^^^^^^^^^^^^^^
  File "C:\Users\ageet\AppData\Roaming\Python\Python312\site-packages\django\template\loader.py", line 15, in get_template
    return engine.get_template(template_name)
           ^^^^^^^^^^^^^^^^^^^^^^^^^^^^^^^^^^
  File "C:\Users\ageet\AppData\Roaming\Python\Python312\site-packages\django\template\backends\django.py", line 79, in get_template
    return Template(self.engine.get_template(template_name), self)
                    ^^^^^^^^^^^^^^^^^^^^^^^^^^^^^^^^^^^^^^^
  File "C:\Users\ageet\AppData\Roaming\Python\Python312\site-packages\django\template\engine.py", line 186, in get_template
    template, origin = self.find_template(template_name)
                       ^^^^^^^^^^^^^^^^^^^^^^^^^^^^^^^^^
  File "C:\Users\ageet\AppData\Roaming\Python\Python312\site-packages\django\template\engine.py", line 159, in find_template
    template = loader.get_template(name, skip=skip)
               ^^^^^^^^^^^^^^^^^^^^^^^^^^^^^^^^^^^^
  File "C:\Users\ageet\AppData\Roaming\Python\Python312\site-packages\django\template\loaders\cached.py", line 57, in get_template
    template = super().get_template(template_name, skip)
               ^^^^^^^^^^^^^^^^^^^^^^^^^^^^^^^^^^^^^^^^^
  File "C:\Users\ageet\AppData\Roaming\Python\Python312\site-packages\django\template\loaders\base.py", line 28, in get_template
    return Template(
           ^^^^^^^^^
  File "C:\Users\ageet\AppData\Roaming\Python\Python312\site-packages\django\template\base.py", line 157, in __init__
    self.nodelist = self.compile_nodelist()
                    ^^^^^^^^^^^^^^^^^^^^^^^
  File "C:\Users\ageet\AppData\Roaming\Python\Python312\site-packages\django\template\base.py", line 199, in compile_nodelist
    nodelist = parser.parse()
               ^^^^^^^^^^^^^^
  File "C:\Users\ageet\AppData\Roaming\Python\Python312\site-packages\django\template\base.py", line 585, in parse
    raise self.error(token, e)
  File "C:\Users\ageet\AppData\Roaming\Python\Python312\site-packages\django\template\base.py", line 583, in parse
    compiled_result = compile_func(self, token)
                      ^^^^^^^^^^^^^^^^^^^^^^^^^
  File "C:\Users\ageet\AppData\Roaming\Python\Python312\site-packages\django\template\loader_tags.py", line 307, in do_extends
    nodelist = parser.parse()
               ^^^^^^^^^^^^^^
  File "C:\Users\ageet\AppData\Roaming\Python\Python312\site-packages\django\template\base.py", line 585, in parse
    raise self.error(token, e)
  File "C:\Users\ageet\AppData\Roaming\Python\Python312\site-packages\django\template\base.py", line 583, in parse
    compiled_result = compile_func(self, token)
                      ^^^^^^^^^^^^^^^^^^^^^^^^^
  File "C:\Users\ageet\AppData\Roaming\Python\Python312\site-packages\django\template\loader_tags.py", line 235, in do_block
    nodelist = parser.parse(("endblock",))
               ^^^^^^^^^^^^^^^^^^^^^^^^^^^
  File "C:\Users\ageet\AppData\Roaming\Python\Python312\site-packages\django\template\base.py", line 585, in parse
    raise self.error(token, e)
  File "C:\Users\ageet\AppData\Roaming\Python\Python312\site-packages\django\template\base.py", line 583, in parse
    compiled_result = compile_func(self, token)
                      ^^^^^^^^^^^^^^^^^^^^^^^^^
  File "C:\Users\ageet\AppData\Roaming\Python\Python312\site-packages\django\template\defaulttags.py", line 994, in do_if
    nodelist = parser.parse(("elif", "else", "endif"))
               ^^^^^^^^^^^^^^^^^^^^^^^^^^^^^^^^^^^^^^^
  File "C:\Users\ageet\AppData\Roaming\Python\Python312\site-packages\django\template\base.py", line 585, in parse
    raise self.error(token, e)
  File "C:\Users\ageet\AppData\Roaming\Python\Python312\site-packages\django\template\base.py", line 583, in parse
    compiled_result = compile_func(self, token)
                      ^^^^^^^^^^^^^^^^^^^^^^^^^
  File "C:\Users\ageet\AppData\Roaming\Python\Python312\site-packages\django\template\defaulttags.py", line 894, in do_for
    nodelist_loop = parser.parse(
                    ^^^^^^^^^^^^^
  File "C:\Users\ageet\AppData\Roaming\Python\Python312\site-packages\django\template\base.py", line 556, in parse
    raise self.error(token, e)
  File "C:\Users\ageet\AppData\Roaming\Python\Python312\site-packages\django\template\base.py", line 554, in parse
    filter_expression = self.compile_filter(token.contents)
                        ^^^^^^^^^^^^^^^^^^^^^^^^^^^^^^^^^^^
  File "C:\Users\ageet\AppData\Roaming\Python\Python312\site-packages\django\template\base.py", line 676, in compile_filter
    return FilterExpression(token, self)
           ^^^^^^^^^^^^^^^^^^^^^^^^^^^^^
  File "C:\Users\ageet\AppData\Roaming\Python\Python312\site-packages\django\template\base.py", line 776, in __init__
    raise TemplateSyntaxError(
django.template.exceptions.TemplateSyntaxError: Template: C:\Users\ageet\OneDrive\Desktop\personal_finance_tracker\templates\dashboard.html, Could not parse the remainder: ' if not forloop.last' from '", " if not forloop.last'
ERROR 2026-02-10 18:24:22,870 log Internal Server Error: /reports/category/
Traceback (most recent call last):
  File "C:\Users\ageet\AppData\Roaming\Python\Python312\site-packages\django\core\handlers\exception.py", line 55, in inner
    response = get_response(request)
               ^^^^^^^^^^^^^^^^^^^^^
  File "C:\Users\ageet\AppData\Roaming\Python\Python312\site-packages\django\core\handlers\base.py", line 198, in _get_response
    response = wrapped_callback(request, *callback_args, **callback_kwargs)
               ^^^^^^^^^^^^^^^^^^^^^^^^^^^^^^^^^^^^^^^^^^^^^^^^^^^^^^^^^^^^
  File "C:\Users\ageet\AppData\Roaming\Python\Python312\site-packages\django\contrib\auth\decorators.py", line 59, in _view_wrapper
    return view_func(request, *args, **kwargs)
           ^^^^^^^^^^^^^^^^^^^^^^^^^^^^^^^^^^^
  File "C:\Users\ageet\OneDrive\Desktop\personal_finance_tracker\transactions\views.py", line 464, in report_category
    category_data = transactions.values('category__name').annotate(
                    ^^^^^^^^^^^^^^^^^^^^^^^^^^^^^^^^^^^^^^^^^^^^^^^
  File "C:\Users\ageet\AppData\Roaming\Python\Python312\site-packages\django\db\models\query.py", line 1699, in annotate
    return self._annotate(args, kwargs, select=True)
           ^^^^^^^^^^^^^^^^^^^^^^^^^^^^^^^^^^^^^^^^^
  File "C:\Users\ageet\AppData\Roaming\Python\Python312\site-packages\django\db\models\query.py", line 1751, in _annotate
    clone.query.add_annotation(
  File "C:\Users\ageet\AppData\Roaming\Python\Python312\site-packages\django\db\models\sql\query.py", line 1247, in add_annotation
    annotation = annotation.resolve_expression(self, allow_joins=True, reuse=None)
                 ^^^^^^^^^^^^^^^^^^^^^^^^^^^^^^^^^^^^^^^^^^^^^^^^^^^^^^^^^^^^^^^^^
  File "C:\Users\ageet\AppData\Roaming\Python\Python312\site-packages\django\db\models\aggregates.py", line 122, in resolve_expression
    c = super().resolve_expression(query, allow_joins, reuse, summarize)
        ^^^^^^^^^^^^^^^^^^^^^^^^^^^^^^^^^^^^^^^^^^^^^^^^^^^^^^^^^^^^^^^^
  File "C:\Users\ageet\AppData\Roaming\Python\Python312\site-packages\django\db\models\expressions.py", line 301, in resolve_expression
    expr.resolve_expression(query, allow_joins, reuse, summarize, for_save)
  File "C:\Users\ageet\AppData\Roaming\Python\Python312\site-packages\django\db\models\expressions.py", line 904, in resolve_expression
    return query.resolve_ref(self.name, allow_joins, reuse, summarize)
           ^^^^^^^^^^^^^^^^^^^^^^^^^^^^^^^^^^^^^^^^^^^^^^^^^^^^^^^^^^^
  File "C:\Users\ageet\AppData\Roaming\Python\Python312\site-packages\django\db\models\sql\query.py", line 2087, in resolve_ref
    join_info = self.setup_joins(
                ^^^^^^^^^^^^^^^^^
  File "C:\Users\ageet\AppData\Roaming\Python\Python312\site-packages\django\db\models\sql\query.py", line 1937, in setup_joins
    path, final_field, targets, rest = self.names_to_path(
                                       ^^^^^^^^^^^^^^^^^^^
  File "C:\Users\ageet\AppData\Roaming\Python\Python312\site-packages\django\db\models\sql\query.py", line 1842, in names_to_path
    raise FieldError(
django.core.exceptions.FieldError: Cannot resolve keyword '1' into field. Choices are: amount, category, category_id, created_at, currency, date, description, id, is_refund, receipt, receipt_id, total, updated_at, user, user_id
ERROR 2026-02-10 18:24:24,464 log Internal Server Error: /reports/monthly/
Traceback (most recent call last):
  File "C:\Users\ageet\AppData\Roaming\Python\Python312\site-packages\django\core\handlers\exception.py", line 55, in inner
    response = get_response(request)
               ^^^^^^^^^^^^^^^^^^^^^
  File "C:\Users\ageet\AppData\Roaming\Python\Python312\site-packages\django\core\handlers\base.py", line 198, in _get_response
    response = wrapped_callback(request, *callback_args, **callback_kwargs)
               ^^^^^^^^^^^^^^^^^^^^^^^^^^^^^^^^^^^^^^^^^^^^^^^^^^^^^^^^^^^^
  File "C:\Users\ageet\AppData\Roaming\Python\Python312\site-packages\django\contrib\auth\decorators.py", line 59, in _view_wrapper
    return view_func(request, *args, **kwargs)
           ^^^^^^^^^^^^^^^^^^^^^^^^^^^^^^^^^^^
  File "C:\Users\ageet\OneDrive\Desktop\personal_finance_tracker\transactions\views.py", line 403, in report_monthly
    return render(request, 'reports/report_monthly.html', context)
           ^^^^^^^^^^^^^^^^^^^^^^^^^^^^^^^^^^^^^^^^^^^^^^^^^^^^^^^
  File "C:\Users\ageet\AppData\Roaming\Python\Python312\site-packages\django\shortcuts.py", line 25, in render
    content = loader.render_to_string(template_name, context, request, using=using)
              ^^^^^^^^^^^^^^^^^^^^^^^^^^^^^^^^^^^^^^^^^^^^^^^^^^^^^^^^^^^^^^^^^^^^^
  File "C:\Users\ageet\AppData\Roaming\Python\Python312\site-packages\django\template\loader.py", line 61, in render_to_string
    template = get_template(template_name, using=using)
               ^^^^^^^^^^^^^^^^^^^^^^^^^^^^^^^^^^^^^^^^
  File "C:\Users\ageet\AppData\Roaming\Python\Python312\site-packages\django\template\loader.py", line 15, in get_template
    return engine.get_template(template_name)
           ^^^^^^^^^^^^^^^^^^^^^^^^^^^^^^^^^^
  File "C:\Users\ageet\AppData\Roaming\Python\Python312\site-packages\django\template\backends\django.py", line 79, in get_template
    return Template(self.engine.get_template(template_name), self)
                    ^^^^^^^^^^^^^^^^^^^^^^^^^^^^^^^^^^^^^^^
  File "C:\Users\ageet\AppData\Roaming\Python\Python312\site-packages\django\template\engine.py", line 186, in get_template
    template, origin = self.find_template(template_name)
                       ^^^^^^^^^^^^^^^^^^^^^^^^^^^^^^^^^
  File "C:\Users\ageet\AppData\Roaming\Python\Python312\site-packages\django\template\engine.py", line 159, in find_template
    template = loader.get_template(name, skip=skip)
               ^^^^^^^^^^^^^^^^^^^^^^^^^^^^^^^^^^^^
  File "C:\Users\ageet\AppData\Roaming\Python\Python312\site-packages\django\template\loaders\cached.py", line 57, in get_template
    template = super().get_template(template_name, skip)
               ^^^^^^^^^^^^^^^^^^^^^^^^^^^^^^^^^^^^^^^^^
  File "C:\Users\ageet\AppData\Roaming\Python\Python312\site-packages\django\template\loaders\base.py", line 28, in get_template
    return Template(
           ^^^^^^^^^
  File "C:\Users\ageet\AppData\Roaming\Python\Python312\site-packages\django\template\base.py", line 157, in __init__
    self.nodelist = self.compile_nodelist()
                    ^^^^^^^^^^^^^^^^^^^^^^^
  File "C:\Users\ageet\AppData\Roaming\Python\Python312\site-packages\django\template\base.py", line 199, in compile_nodelist
    nodelist = parser.parse()
               ^^^^^^^^^^^^^^
  File "C:\Users\ageet\AppData\Roaming\Python\Python312\site-packages\django\template\base.py", line 585, in parse
    raise self.error(token, e)
  File "C:\Users\ageet\AppData\Roaming\Python\Python312\site-packages\django\template\base.py", line 583, in parse
    compiled_result = compile_func(self, token)
                      ^^^^^^^^^^^^^^^^^^^^^^^^^
  File "C:\Users\ageet\AppData\Roaming\Python\Python312\site-packages\django\template\loader_tags.py", line 307, in do_extends
    nodelist = parser.parse()
               ^^^^^^^^^^^^^^
  File "C:\Users\ageet\AppData\Roaming\Python\Python312\site-packages\django\template\base.py", line 585, in parse
    raise self.error(token, e)
  File "C:\Users\ageet\AppData\Roaming\Python\Python312\site-packages\django\template\base.py", line 583, in parse
    compiled_result = compile_func(self, token)
                      ^^^^^^^^^^^^^^^^^^^^^^^^^
  File "C:\Users\ageet\AppData\Roaming\Python\Python312\site-packages\django\template\loader_tags.py", line 235, in do_block
    nodelist = parser.parse(("endblock",))
               ^^^^^^^^^^^^^^^^^^^^^^^^^^^
  File "C:\Users\ageet\AppData\Roaming\Python\Python312\site-packages\django\template\base.py", line 585, in parse
    raise self.error(token, e)
  File "C:\Users\ageet\AppData\Roaming\Python\Python312\site-packages\django\template\base.py", line 583, in parse
    compiled_result = compile_func(self, token)
                      ^^^^^^^^^^^^^^^^^^^^^^^^^
  File "C:\Users\ageet\AppData\Roaming\Python\Python312\site-packages\django\template\defaulttags.py", line 994, in do_if
    nodelist = parser.parse(("elif", "else", "endif"))
               ^^^^^^^^^^^^^^^^^^^^^^^^^^^^^^^^^^^^^^^
  File "C:\Users\ageet\AppData\Roaming\Python\Python312\site-packages\django\template\base.py", line 585, in parse
    raise self.error(token, e)
  File "C:\Users\ageet\AppData\Roaming\Python\Python312\site-packages\django\template\base.py", line 583, in parse
    compiled_result = compile_func(self, token)
                      ^^^^^^^^^^^^^^^^^^^^^^^^^
  File "C:\Users\ageet\AppData\Roaming\Python\Python312\site-packages\django\template\defaulttags.py", line 894, in do_for
    nodelist_loop = parser.parse(
                    ^^^^^^^^^^^^^
  File "C:\Users\ageet\AppData\Roaming\Python\Python312\site-packages\django\template\base.py", line 556, in parse
    raise self.error(token, e)
  File "C:\Users\ageet\AppData\Roaming\Python\Python312\site-packages\django\template\base.py", line 554, in parse
    filter_expression = self.compile_filter(token.contents)
                        ^^^^^^^^^^^^^^^^^^^^^^^^^^^^^^^^^^^
  File "C:\Users\ageet\AppData\Roaming\Python\Python312\site-packages\django\template\base.py", line 676, in compile_filter
    return FilterExpression(token, self)
           ^^^^^^^^^^^^^^^^^^^^^^^^^^^^^
  File "C:\Users\ageet\AppData\Roaming\Python\Python312\site-packages\django\template\base.py", line 776, in __init__
    raise TemplateSyntaxError(
django.template.exceptions.TemplateSyntaxError: Template: C:\Users\ageet\OneDrive\Desktop\personal_finance_tracker\templates\reports\report_monthly.html, Could not parse the remainder: ' if not forloop.last' from '", " if not forloop.last'
ERROR 2026-02-10 18:24:26,138 log Internal Server Error: /reports/yearly/
Traceback (most recent call last):
  File "C:\Users\ageet\AppData\Roaming\Python\Python312\site-packages\django\core\handlers\exception.py", line 55, in inner
    response = get_response(request)
               ^^^^^^^^^^^^^^^^^^^^^
  File "C:\Users\ageet\AppData\Roaming\Python\Python312\site-packages\django\core\handlers\base.py", line 198, in _get_response
    response = wrapped_callback(request, *callback_args, **callback_kwargs)
               ^^^^^^^^^^^^^^^^^^^^^^^^^^^^^^^^^^^^^^^^^^^^^^^^^^^^^^^^^^^^
  File "C:\Users\ageet\AppData\Roaming\Python\Python312\site-packages\django\contrib\auth\decorators.py", line 59, in _view_wrapper
    return view_func(request, *args, **kwargs)
           ^^^^^^^^^^^^^^^^^^^^^^^^^^^^^^^^^^^
  File "C:\Users\ageet\OneDrive\Desktop\personal_finance_tracker\transactions\views.py", line 447, in report_yearly
    return render(request, 'reports/report_yearly.html', context)
           ^^^^^^^^^^^^^^^^^^^^^^^^^^^^^^^^^^^^^^^^^^^^^^^^^^^^^^
  File "C:\Users\ageet\AppData\Roaming\Python\Python312\site-packages\django\shortcuts.py", line 25, in render
    content = loader.render_to_string(template_name, context, request, using=using)
              ^^^^^^^^^^^^^^^^^^^^^^^^^^^^^^^^^^^^^^^^^^^^^^^^^^^^^^^^^^^^^^^^^^^^^
  File "C:\Users\ageet\AppData\Roaming\Python\Python312\site-packages\django\template\loader.py", line 61, in render_to_string
    template = get_template(template_name, using=using)
               ^^^^^^^^^^^^^^^^^^^^^^^^^^^^^^^^^^^^^^^^
  File "C:\Users\ageet\AppData\Roaming\Python\Python312\site-packages\django\template\loader.py", line 15, in get_template
    return engine.get_template(template_name)
           ^^^^^^^^^^^^^^^^^^^^^^^^^^^^^^^^^^
  File "C:\Users\ageet\AppData\Roaming\Python\Python312\site-packages\django\template\backends\django.py", line 79, in get_template
    return Template(self.engine.get_template(template_name), self)
                    ^^^^^^^^^^^^^^^^^^^^^^^^^^^^^^^^^^^^^^^
  File "C:\Users\ageet\AppData\Roaming\Python\Python312\site-packages\django\template\engine.py", line 186, in get_template
    template, origin = self.find_template(template_name)
                       ^^^^^^^^^^^^^^^^^^^^^^^^^^^^^^^^^
  File "C:\Users\ageet\AppData\Roaming\Python\Python312\site-packages\django\template\engine.py", line 159, in find_template
    template = loader.get_template(name, skip=skip)
               ^^^^^^^^^^^^^^^^^^^^^^^^^^^^^^^^^^^^
  File "C:\Users\ageet\AppData\Roaming\Python\Python312\site-packages\django\template\loaders\cached.py", line 57, in get_template
    template = super().get_template(template_name, skip)
               ^^^^^^^^^^^^^^^^^^^^^^^^^^^^^^^^^^^^^^^^^
  File "C:\Users\ageet\AppData\Roaming\Python\Python312\site-packages\django\template\loaders\base.py", line 28, in get_template
    return Template(
           ^^^^^^^^^
  File "C:\Users\ageet\AppData\Roaming\Python\Python312\site-packages\django\template\base.py", line 157, in __init__
    self.nodelist = self.compile_nodelist()
                    ^^^^^^^^^^^^^^^^^^^^^^^
  File "C:\Users\ageet\AppData\Roaming\Python\Python312\site-packages\django\template\base.py", line 199, in compile_nodelist
    nodelist = parser.parse()
               ^^^^^^^^^^^^^^
  File "C:\Users\ageet\AppData\Roaming\Python\Python312\site-packages\django\template\base.py", line 585, in parse
    raise self.error(token, e)
  File "C:\Users\ageet\AppData\Roaming\Python\Python312\site-packages\django\template\base.py", line 583, in parse
    compiled_result = compile_func(self, token)
                      ^^^^^^^^^^^^^^^^^^^^^^^^^
  File "C:\Users\ageet\AppData\Roaming\Python\Python312\site-packages\django\template\loader_tags.py", line 307, in do_extends
    nodelist = parser.parse()
               ^^^^^^^^^^^^^^
  File "C:\Users\ageet\AppData\Roaming\Python\Python312\site-packages\django\template\base.py", line 585, in parse
    raise self.error(token, e)
  File "C:\Users\ageet\AppData\Roaming\Python\Python312\site-packages\django\template\base.py", line 583, in parse
    compiled_result = compile_func(self, token)
                      ^^^^^^^^^^^^^^^^^^^^^^^^^
  File "C:\Users\ageet\AppData\Roaming\Python\Python312\site-packages\django\template\loader_tags.py", line 235, in do_block
    nodelist = parser.parse(("endblock",))
               ^^^^^^^^^^^^^^^^^^^^^^^^^^^
  File "C:\Users\ageet\AppData\Roaming\Python\Python312\site-packages\django\template\base.py", line 585, in parse
    raise self.error(token, e)
  File "C:\Users\ageet\AppData\Roaming\Python\Python312\site-packages\django\template\base.py", line 583, in parse
    compiled_result = compile_func(self, token)
                      ^^^^^^^^^^^^^^^^^^^^^^^^^
  File "C:\Users\ageet\AppData\Roaming\Python\Python312\site-packages\django\template\defaulttags.py", line 894, in do_for
    nodelist_loop = parser.parse(
                    ^^^^^^^^^^^^^
  File "C:\Users\ageet\AppData\Roaming\Python\Python312\site-packages\django\template\base.py", line 585, in parse
    raise self.error(token, e)
  File "C:\Users\ageet\AppData\Roaming\Python\Python312\site-packages\django\template\base.py", line 583, in parse
    compiled_result = compile_func(self, token)
                      ^^^^^^^^^^^^^^^^^^^^^^^^^
  File "C:\Users\ageet\AppData\Roaming\Python\Python312\site-packages\django\template\defaulttags.py", line 994, in do_if
    nodelist = parser.parse(("elif", "else", "endif"))
               ^^^^^^^^^^^^^^^^^^^^^^^^^^^^^^^^^^^^^^^
  File "C:\Users\ageet\AppData\Roaming\Python\Python312\site-packages\django\template\base.py", line 556, in parse
    raise self.error(token, e)
  File "C:\Users\ageet\AppData\Roaming\Python\Python312\site-packages\django\template\base.py", line 554, in parse
    filter_expression = self.compile_filter(token.contents)
                        ^^^^^^^^^^^^^^^^^^^^^^^^^^^^^^^^^^^
  File "C:\Users\ageet\AppData\Roaming\Python\Python312\site-packages\django\template\base.py", line 676, in compile_filter
    return FilterExpression(token, self)
           ^^^^^^^^^^^^^^^^^^^^^^^^^^^^^
  File "C:\Users\ageet\AppData\Roaming\Python\Python312\site-packages\django\template\base.py", line 771, in __init__
    filter_func = parser.find_filter(filter_name)
                  ^^^^^^^^^^^^^^^^^^^^^^^^^^^^^^^
  File "C:\Users\ageet\AppData\Roaming\Python\Python312\site-packages\django\template\base.py", line 682, in find_filter
    raise TemplateSyntaxError("Invalid filter: '%s'" % filter_name)
django.template.exceptions.TemplateSyntaxError: Template: C:\Users\ageet\OneDrive\Desktop\personal_finance_tracker\templates\reports\report_yearly.html, Invalid filter: 'multiply'
ERROR 2026-02-10 18:24:34,869 log Internal Server Error: /register/
Traceback (most recent call last):
  File "C:\Users\ageet\AppData\Roaming\Python\Python312\site-packages\django\db\backends\utils.py", line 105, in _execute
    return self.cursor.execute(sql, params)
           ^^^^^^^^^^^^^^^^^^^^^^^^^^^^^^^^
  File "C:\Users\ageet\AppData\Roaming\Python\Python312\site-packages\django\db\backends\sqlite3\base.py", line 359, in execute
    return super().execute(query, params)
           ^^^^^^^^^^^^^^^^^^^^^^^^^^^^^^
sqlite3.IntegrityError: UNIQUE constraint failed: transactions_userprofile.user_id

The above exception was the direct cause of the following exception:

Traceback (most recent call last):
  File "C:\Users\ageet\AppData\Roaming\Python\Python312\site-packages\django\core\handlers\exception.py", line 55, in inner
    response = get_response(request)
               ^^^^^^^^^^^^^^^^^^^^^
  File "C:\Users\ageet\AppData\Roaming\Python\Python312\site-packages\django\core\handlers\base.py", line 198, in _get_response
    response = wrapped_callback(request, *callback_args, **callback_kwargs)
               ^^^^^^^^^^^^^^^^^^^^^^^^^^^^^^^^^^^^^^^^^^^^^^^^^^^^^^^^^^^^
  File "C:\Users\ageet\OneDrive\Desktop\personal_finance_tracker\transactions\views.py", line 34, in register
    UserProfile.objects.create(user=user, preferred_currency='USD')
  File "C:\Users\ageet\AppData\Roaming\Python\Python312\site-packages\django\db\models\manager.py", line 87, in manager_method
    return getattr(self.get_queryset(), name)(*args, **kwargs)
           ^^^^^^^^^^^^^^^^^^^^^^^^^^^^^^^^^^^^^^^^^^^^^^^^^^^
  File "C:\Users\ageet\AppData\Roaming\Python\Python312\site-packages\django\db\models\query.py", line 669, in create
    obj.save(force_insert=True, using=self.db)
  File "C:\Users\ageet\AppData\Roaming\Python\Python312\site-packages\django\db\models\base.py", line 874, in save
    self.save_base(
  File "C:\Users\ageet\AppData\Roaming\Python\Python312\site-packages\django\db\models\base.py", line 966, in save_base
    updated = self._save_table(
              ^^^^^^^^^^^^^^^^^
  File "C:\Users\ageet\AppData\Roaming\Python\Python312\site-packages\django\db\models\base.py", line 1169, in _save_table
    results = self._do_insert(
              ^^^^^^^^^^^^^^^^
  File "C:\Users\ageet\AppData\Roaming\Python\Python312\site-packages\django\db\models\base.py", line 1220, in _do_insert
    return manager._insert(
           ^^^^^^^^^^^^^^^^
  File "C:\Users\ageet\AppData\Roaming\Python\Python312\site-packages\django\db\models\manager.py", line 87, in manager_method
    return getattr(self.get_queryset(), name)(*args, **kwargs)
           ^^^^^^^^^^^^^^^^^^^^^^^^^^^^^^^^^^^^^^^^^^^^^^^^^^^
  File "C:\Users\ageet\AppData\Roaming\Python\Python312\site-packages\django\db\models\query.py", line 1918, in _insert
    return query.get_compiler(using=using).execute_sql(returning_fields)
           ^^^^^^^^^^^^^^^^^^^^^^^^^^^^^^^^^^^^^^^^^^^^^^^^^^^^^^^^^^^^^
  File "C:\Users\ageet\AppData\Roaming\Python\Python312\site-packages\django\db\models\sql\compiler.py", line 1925, in execute_sql
    cursor.execute(sql, params)
  File "C:\Users\ageet\AppData\Roaming\Python\Python312\site-packages\django\db\backends\utils.py", line 79, in execute
    return self._execute_with_wrappers(
           ^^^^^^^^^^^^^^^^^^^^^^^^^^^^
  File "C:\Users\ageet\AppData\Roaming\Python\Python312\site-packages\django\db\backends\utils.py", line 92, in _execute_with_wrappers
    return executor(sql, params, many, context)
           ^^^^^^^^^^^^^^^^^^^^^^^^^^^^^^^^^^^^
  File "C:\Users\ageet\AppData\Roaming\Python\Python312\site-packages\django\db\backends\utils.py", line 100, in _execute
    with self.db.wrap_database_errors:
  File "C:\Users\ageet\AppData\Roaming\Python\Python312\site-packages\django\db\utils.py", line 94, in __exit__
    raise dj_exc_value.with_traceback(traceback) from exc_value
  File "C:\Users\ageet\AppData\Roaming\Python\Python312\site-packages\django\db\backends\utils.py", line 105, in _execute
    return self.cursor.execute(sql, params)
           ^^^^^^^^^^^^^^^^^^^^^^^^^^^^^^^^
  File "C:\Users\ageet\AppData\Roaming\Python\Python312\site-packages\django\db\backends\sqlite3\base.py", line 359, in execute
    return super().execute(query, params)
           ^^^^^^^^^^^^^^^^^^^^^^^^^^^^^^
django.db.utils.IntegrityError: UNIQUE constraint failed: transactions_userprofile.user_id
ERROR 2026-02-10 18:27:48,127 log Internal Server Error: /reports/category/
Traceback (most recent call last):
  File "C:\Users\ageet\AppData\Roaming\Python\Python312\site-packages\django\core\handlers\exception.py", line 55, in inner
    response = get_response(request)
               ^^^^^^^^^^^^^^^^^^^^^
  File "C:\Users\ageet\AppData\Roaming\Python\Python312\site-packages\django\core\handlers\base.py", line 198, in _get_response
    response = wrapped_callback(request, *callback_args, **callback_kwargs)
               ^^^^^^^^^^^^^^^^^^^^^^^^^^^^^^^^^^^^^^^^^^^^^^^^^^^^^^^^^^^^
  File "C:\Users\ageet\AppData\Roaming\Python\Python312\site-packages\django\contrib\auth\decorators.py", line 59, in _view_wrapper
    return view_func(request, *args, **kwargs)
           ^^^^^^^^^^^^^^^^^^^^^^^^^^^^^^^^^^^
  File "C:\Users\ageet\OneDrive\Desktop\personal_finance_tracker\transactions\views.py", line 482, in report_category
    return render(request, 'reports/report_category.html', context)
           ^^^^^^^^^^^^^^^^^^^^^^^^^^^^^^^^^^^^^^^^^^^^^^^^^^^^^^^^
  File "C:\Users\ageet\AppData\Roaming\Python\Python312\site-packages\django\shortcuts.py", line 25, in render
    content = loader.render_to_string(template_name, context, request, using=using)
              ^^^^^^^^^^^^^^^^^^^^^^^^^^^^^^^^^^^^^^^^^^^^^^^^^^^^^^^^^^^^^^^^^^^^^
  File "C:\Users\ageet\AppData\Roaming\Python\Python312\site-packages\django\template\loader.py", line 61, in render_to_string
    template = get_template(template_name, using=using)
               ^^^^^^^^^^^^^^^^^^^^^^^^^^^^^^^^^^^^^^^^
  File "C:\Users\ageet\AppData\Roaming\Python\Python312\site-packages\django\template\loader.py", line 15, in get_template
    return engine.get_template(template_name)
           ^^^^^^^^^^^^^^^^^^^^^^^^^^^^^^^^^^
  File "C:\Users\ageet\AppData\Roaming\Python\Python312\site-packages\django\template\backends\django.py", line 79, in get_template
    return Template(self.engine.get_template(template_name), self)
                    ^^^^^^^^^^^^^^^^^^^^^^^^^^^^^^^^^^^^^^^
  File "C:\Users\ageet\AppData\Roaming\Python\Python312\site-packages\django\template\engine.py", line 186, in get_template
    template, origin = self.find_template(template_name)
                       ^^^^^^^^^^^^^^^^^^^^^^^^^^^^^^^^^
  File "C:\Users\ageet\AppData\Roaming\Python\Python312\site-packages\django\template\engine.py", line 159, in find_template
    template = loader.get_template(name, skip=skip)
               ^^^^^^^^^^^^^^^^^^^^^^^^^^^^^^^^^^^^
  File "C:\Users\ageet\AppData\Roaming\Python\Python312\site-packages\django\template\loaders\cached.py", line 57, in get_template
    template = super().get_template(template_name, skip)
               ^^^^^^^^^^^^^^^^^^^^^^^^^^^^^^^^^^^^^^^^^
  File "C:\Users\ageet\AppData\Roaming\Python\Python312\site-packages\django\template\loaders\base.py", line 28, in get_template
    return Template(
           ^^^^^^^^^
  File "C:\Users\ageet\AppData\Roaming\Python\Python312\site-packages\django\template\base.py", line 157, in __init__
    self.nodelist = self.compile_nodelist()
                    ^^^^^^^^^^^^^^^^^^^^^^^
  File "C:\Users\ageet\AppData\Roaming\Python\Python312\site-packages\django\template\base.py", line 199, in compile_nodelist
    nodelist = parser.parse()
               ^^^^^^^^^^^^^^
  File "C:\Users\ageet\AppData\Roaming\Python\Python312\site-packages\django\template\base.py", line 585, in parse
    raise self.error(token, e)
  File "C:\Users\ageet\AppData\Roaming\Python\Python312\site-packages\django\template\base.py", line 583, in parse
    compiled_result = compile_func(self, token)
                      ^^^^^^^^^^^^^^^^^^^^^^^^^
  File "C:\Users\ageet\AppData\Roaming\Python\Python312\site-packages\django\template\loader_tags.py", line 307, in do_extends
    nodelist = parser.parse()
               ^^^^^^^^^^^^^^
  File "C:\Users\ageet\AppData\Roaming\Python\Python312\site-packages\django\template\base.py", line 585, in parse
    raise self.error(token, e)
  File "C:\Users\ageet\AppData\Roaming\Python\Python312\site-packages\django\template\base.py", line 583, in parse
    compiled_result = compile_func(self, token)
                      ^^^^^^^^^^^^^^^^^^^^^^^^^
  File "C:\Users\ageet\AppData\Roaming\Python\Python312\site-packages\django\template\loader_tags.py", line 235, in do_block
    nodelist = parser.parse(("endblock",))
               ^^^^^^^^^^^^^^^^^^^^^^^^^^^
  File "C:\Users\ageet\AppData\Roaming\Python\Python312\site-packages\django\template\base.py", line 585, in parse
    raise self.error(token, e)
  File "C:\Users\ageet\AppData\Roaming\Python\Python312\site-packages\django\template\base.py", line 583, in parse
    compiled_result = compile_func(self, token)
                      ^^^^^^^^^^^^^^^^^^^^^^^^^
  File "C:\Users\ageet\AppData\Roaming\Python\Python312\site-packages\django\template\defaulttags.py", line 994, in do_if
    nodelist = parser.parse(("elif", "else", "endif"))
               ^^^^^^^^^^^^^^^^^^^^^^^^^^^^^^^^^^^^^^^
  File "C:\Users\ageet\AppData\Roaming\Python\Python312\site-packages\django\template\base.py", line 585, in parse
    raise self.error(token, e)
  File "C:\Users\ageet\AppData\Roaming\Python\Python312\site-packages\django\template\base.py", line 583, in parse
    compiled_result = compile_func(self, token)
                      ^^^^^^^^^^^^^^^^^^^^^^^^^
  File "C:\Users\ageet\AppData\Roaming\Python\Python312\site-packages\django\template\defaulttags.py", line 894, in do_for
    nodelist_loop = parser.parse(
                    ^^^^^^^^^^^^^
  File "C:\Users\ageet\AppData\Roaming\Python\Python312\site-packages\django\template\base.py", line 556, in parse
    raise self.error(token, e)
  File "C:\Users\ageet\AppData\Roaming\Python\Python312\site-packages\django\template\base.py", line 554, in parse
    filter_expression = self.compile_filter(token.contents)
                        ^^^^^^^^^^^^^^^^^^^^^^^^^^^^^^^^^^^
  File "C:\Users\ageet\AppData\Roaming\Python\Python312\site-packages\django\template\base.py", line 676, in compile_filter
    return FilterExpression(token, self)
           ^^^^^^^^^^^^^^^^^^^^^^^^^^^^^
  File "C:\Users\ageet\AppData\Roaming\Python\Python312\site-packages\django\template\base.py", line 776, in __init__
    raise TemplateSyntaxError(
django.template.exceptions.TemplateSyntaxError: Template: C:\Users\ageet\OneDrive\Desktop\personal_finance_tracker\templates\reports\report_category.html, Could not parse the remainder: ' if not forloop.last' from '", " if not forloop.last'
INFO 2026-02-10 18:31:30,175 autoreload Watching for file changes with StatReloader
INFO 2026-02-10 18:45:11,265 autoreload Watching for file changes with StatReloader
INFO 2026-02-10 18:47:38,103 autoreload C:\Users\ageet\OneDrive\Desktop\personal_finance_tracker\transactions\forms.py changed, reloading.
INFO 2026-02-10 18:47:38,605 autoreload Watching for file changes with StatReloader
INFO 2026-02-10 18:47:40,494 autoreload C:\Users\ageet\OneDrive\Desktop\personal_finance_tracker\transactions\forms.py changed, reloading.
INFO 2026-02-10 18:47:41,007 autoreload Watching for file changes with StatReloader
INFO 2026-02-10 18:47:58,543 autoreload C:\Users\ageet\OneDrive\Desktop\personal_finance_tracker\transactions\forms.py changed, reloading.
INFO 2026-02-10 18:47:59,348 autoreload Watching for file changes with StatReloader
INFO 2026-02-10 18:48:01,495 autoreload C:\Users\ageet\OneDrive\Desktop\personal_finance_tracker\transactions\forms.py changed, reloading.
INFO 2026-02-10 18:48:02,083 autoreload Watching for file changes with StatReloader
INFO 2026-02-10 18:48:13,611 autoreload C:\Users\ageet\OneDrive\Desktop\personal_finance_tracker\transactions\forms.py changed, reloading.
INFO 2026-02-10 18:48:14,550 autoreload Watching for file changes with StatReloader
INFO 2026-02-10 18:48:57,058 autoreload C:\Users\ageet\OneDrive\Desktop\personal_finance_tracker\transactions\forms.py changed, reloading.
INFO 2026-02-10 18:48:57,561 autoreload Watching for file changes with StatReloader
INFO 2026-02-10 19:10:48,158 autoreload C:\Users\ageet\OneDrive\Desktop\personal_finance_tracker\transactions\signals.py changed, reloading.
INFO 2026-02-10 19:10:48,670 autoreload Watching for file changes with StatReloader
INFO 2026-02-10 19:10:52,661 autoreload C:\Users\ageet\OneDrive\Desktop\personal_finance_tracker\transactions\signals.py changed, reloading.
INFO 2026-02-10 19:10:53,174 autoreload Watching for file changes with StatReloader
INFO 2026-02-10 19:11:57,176 autoreload C:\Users\ageet\OneDrive\Desktop\personal_finance_tracker\transactions\signals.py changed, reloading.
INFO 2026-02-10 19:11:57,933 autoreload Watching for file changes with StatReloader
INFO 2026-02-10 19:21:09,028 autoreload C:\Users\ageet\OneDrive\Desktop\personal_finance_tracker\transactions\views.py changed, reloading.
INFO 2026-02-10 19:21:09,542 autoreload Watching for file changes with StatReloader
INFO 2026-02-10 19:21:38,360 autoreload C:\Users\ageet\OneDrive\Desktop\personal_finance_tracker\transactions\views.py changed, reloading.
INFO 2026-02-10 19:21:38,858 autoreload Watching for file changes with StatReloader
ERROR 2026-02-10 19:28:26,517 log Internal Server Error: /transactions/create/
Traceback (most recent call last):
  File "C:\Users\ageet\AppData\Roaming\Python\Python312\site-packages\django\core\handlers\exception.py", line 55, in inner
    response = get_response(request)
               ^^^^^^^^^^^^^^^^^^^^^
  File "C:\Users\ageet\AppData\Roaming\Python\Python312\site-packages\django\core\handlers\base.py", line 198, in _get_response
    response = wrapped_callback(request, *callback_args, **callback_kwargs)
               ^^^^^^^^^^^^^^^^^^^^^^^^^^^^^^^^^^^^^^^^^^^^^^^^^^^^^^^^^^^^
  File "C:\Users\ageet\AppData\Roaming\Python\Python312\site-packages\django\contrib\auth\decorators.py", line 59, in _view_wrapper
    return view_func(request, *args, **kwargs)
           ^^^^^^^^^^^^^^^^^^^^^^^^^^^^^^^^^^^
  File "C:\Users\ageet\OneDrive\Desktop\personal_finance_tracker\transactions\views.py", line 249, in transaction_create
    if form.is_valid():
       ^^^^^^^^^^^^^^^
  File "C:\Users\ageet\AppData\Roaming\Python\Python312\site-packages\django\forms\forms.py", line 206, in is_valid
    return self.is_bound and not self.errors
                                 ^^^^^^^^^^^
  File "C:\Users\ageet\AppData\Roaming\Python\Python312\site-packages\django\forms\forms.py", line 201, in errors
    self.full_clean()
  File "C:\Users\ageet\AppData\Roaming\Python\Python312\site-packages\django\forms\forms.py", line 339, in full_clean
    self._post_clean()
  File "C:\Users\ageet\AppData\Roaming\Python\Python312\site-packages\django\forms\models.py", line 503, in _post_clean
    self.instance.full_clean(
  File "C:\Users\ageet\AppData\Roaming\Python\Python312\site-packages\django\db\models\base.py", line 1687, in full_clean
    self.clean()
  File "C:\Users\ageet\OneDrive\Desktop\personal_finance_tracker\transactions\models.py", line 104, in clean
    if self.category and self.category.user != self.user:
                                               ^^^^^^^^^
  File "C:\Users\ageet\AppData\Roaming\Python\Python312\site-packages\django\db\models\fields\related_descriptors.py", line 267, in __get__
    raise self.RelatedObjectDoesNotExist(
transactions.models.Transaction.user.RelatedObjectDoesNotExist: Transaction has no user.
INFO 2026-02-10 19:45:17,191 autoreload C:\Users\ageet\OneDrive\Desktop\personal_finance_tracker\transactions\forms.py changed, reloading.
INFO 2026-02-10 19:45:19,821 autoreload Watching for file changes with StatReloader
INFO 2026-02-10 19:46:25,799 autoreload C:\Users\ageet\OneDrive\Desktop\personal_finance_tracker\transactions\forms.py changed, reloading.
INFO 2026-02-10 19:46:26,336 autoreload Watching for file changes with StatReloader
INFO 2026-02-10 20:06:04,263 autoreload C:\Users\ageet\OneDrive\Desktop\personal_finance_tracker\config\settings.py changed, reloading.
INFO 2026-02-10 20:06:04,830 autoreload Watching for file changes with StatReloader
INFO 2026-02-10 20:06:06,755 autoreload C:\Users\ageet\OneDrive\Desktop\personal_finance_tracker\config\settings.py changed, reloading.
INFO 2026-02-10 20:06:07,260 autoreload Watching for file changes with StatReloader
INFO 2026-02-10 20:12:12,119 autoreload C:\Users\ageet\OneDrive\Desktop\personal_finance_tracker\config\settings.py changed, reloading.
INFO 2026-02-10 20:12:12,727 autoreload Watching for file changes with StatReloader
INFO 2026-02-10 20:12:33,802 autoreload C:\Users\ageet\OneDrive\Desktop\personal_finance_tracker\config\settings.py changed, reloading.
INFO 2026-02-10 20:12:34,464 autoreload Watching for file changes with StatReloader
INFO 2026-02-10 21:57:12,919 autoreload C:\Users\ageet\OneDrive\Desktop\personal_finance_tracker\config\settings.py changed, reloading.
INFO 2026-02-10 21:57:14,182 autoreload Watching for file changes with StatReloader
INFO 2026-02-10 22:00:51,224 autoreload C:\Users\ageet\OneDrive\Desktop\personal_finance_tracker\config\settings.py changed, reloading.
INFO 2026-02-10 22:00:52,052 autoreload Watching for file changes with StatReloader
